DATABASE_URL
API_KEY
DEBUG
PORT
TIMEOUT
MAX_CONNECTIONS
ENABLE_CACHE
ENABLE_LOGGING
ENABLE_METRICS
REDIS_URL
ELASTICSEARCH_URL
S3_BUCKET
JWT_SECRET
ENCRYPTION_KEY
CORS_ORIGINS
SENTRY_DSN
LOG_LEVEL
METRICS_PORT
